../Core/Src/main.c:113:6:oled_hal_write	56	dynamic
../Core/Src/main.c:122:5:oled_hal_write_single	32	static
../Core/Src/main.c:127:6:UNER_AppHandler	16	static
../Core/Src/main.c:141:6:Motor_Set	16	static
../Core/Src/main.c:165:6:Oled_Init	8	static
../Core/Src/main.c:172:6:sendByteOverUSB	16	static
../Core/Src/main.c:187:5:main	40	static
../Core/Src/main.c:285:6:SystemClock_Config	88	static
../Core/Src/main.c:333:13:MX_ADC1_Init	24	static
../Core/Src/main.c:436:13:MX_I2C1_Init	8	static
../Core/Src/main.c:470:13:MX_TIM1_Init	96	static
../Core/Src/main.c:545:13:MX_TIM2_Init	64	static
../Core/Src/main.c:602:13:MX_DMA_Init	16	static
../Core/Src/main.c:623:13:MX_GPIO_Init	24	static
../Core/Src/main.c:648:6:Error_Handler	4	static,ignoring_inline_asm
