../Core/Src/main.c:123:6:MPU_hal_write	32	static
../Core/Src/main.c:128:6:MPU_hal_read	24	static
../Core/Src/main.c:135:5:oled_hal_init_i2c	24	static
../Core/Src/main.c:146:6:oled_hal_write	56	dynamic
../Core/Src/main.c:156:5:oled_hal_write_single	32	static
../Core/Src/main.c:162:6:oled_hal_write_comm	24	static
../Core/Src/main.c:169:6:UNER_AppHandler	16	static
../Core/Src/main.c:183:6:Motor_Set	16	static
../Core/Src/main.c:207:6:Oled_Init	8	static
../Core/Src/main.c:214:6:sendByteOverUSB	16	static
../Core/Src/main.c:229:5:main	64	static
../Core/Src/main.c:339:6:SystemClock_Config	88	static
../Core/Src/main.c:387:13:MX_ADC1_Init	24	static
../Core/Src/main.c:490:13:MX_I2C1_Init	8	static
../Core/Src/main.c:524:13:MX_TIM1_Init	96	static
../Core/Src/main.c:599:13:MX_TIM2_Init	64	static
../Core/Src/main.c:656:13:MX_DMA_Init	16	static
../Core/Src/main.c:677:13:MX_GPIO_Init	24	static
../Core/Src/main.c:702:6:Error_Handler	4	static,ignoring_inline_asm
