../Core/Src/oled.c:72:6:OLED_RegisterIO	16	static
../Core/Src/oled.c:76:6:SSD1306_Task	8	static
../Core/Src/oled.c:83:6:SSD1306_ScrollRight	16	static
../Core/Src/oled.c:96:6:SSD1306_ScrollLeft	16	static
../Core/Src/oled.c:109:6:SSD1306_Scrolldiagright	16	static
../Core/Src/oled.c:125:6:SSD1306_Scrolldiagleft	16	static
../Core/Src/oled.c:141:6:SSD1306_Stopscroll	8	static
../Core/Src/oled.c:148:6:SSD1306_InvertDisplay	16	static
../Core/Src/oled.c:157:6:SSD1306_DrawBitmap	32	static
../Core/Src/oled.c:181:9:SSD1306_Init	16	static,ignoring_inline_asm
../Core/Src/oled.c:240:6:SSD1306_UpdateScreen_Blocking	144	static
../Core/Src/oled.c:268:6:SSD1306_UpdateScreen	16	static
../Core/Src/oled.c:319:6:SSD1306_ToggleInvert	16	static
../Core/Src/oled.c:331:6:SSD1306_Fill	16	static
../Core/Src/oled.c:336:6:SSD1306_DrawPixel	16	static
../Core/Src/oled.c:358:6:SSD1306_GotoXY	16	static
../Core/Src/oled.c:364:6:SSD1306_Putc	32	static
../Core/Src/oled.c:395:6:SSD1306_Puts	24	static
../Core/Src/oled.c:413:6:SSD1306_DrawLine	40	static
../Core/Src/oled.c:497:6:SSD1306_DrawRectangle	32	static
../Core/Src/oled.c:522:6:SSD1306_DrawFilledRectangle	40	static
../Core/Src/oled.c:549:6:SSD1306_DrawTriangle	32	static
../Core/Src/oled.c:557:6:SSD1306_DrawFilledTriangle	64	static
../Core/Src/oled.c:613:6:SSD1306_DrawCircle	40	static
../Core/Src/oled.c:647:6:SSD1306_DrawFilledCircle	48	static
../Core/Src/oled.c:680:6:SSD1306_Clear	8	static
../Core/Src/oled.c:685:6:SSD1306_ON	8	static
../Core/Src/oled.c:690:6:SSD1306_OFF	8	static
../Core/Src/oled.c:706:6:SSD1306_I2C_Init	16	static
../Core/Src/oled.c:715:6:SSD1306_I2C_Write	16	static
../Core/Src/oled.c:721:6:SSD1306_I2C_WriteMulti	24	static
