../Core/Src/oled.c:73:6:OLED_RegisterIO	16	static
../Core/Src/oled.c:77:6:SSD1306_Task	8	static
../Core/Src/oled.c:84:6:SSD1306_ScrollRight	16	static
../Core/Src/oled.c:97:6:SSD1306_ScrollLeft	16	static
../Core/Src/oled.c:110:6:SSD1306_Scrolldiagright	16	static
../Core/Src/oled.c:126:6:SSD1306_Scrolldiagleft	16	static
../Core/Src/oled.c:142:6:SSD1306_Stopscroll	8	static
../Core/Src/oled.c:149:6:SSD1306_InvertDisplay	16	static
../Core/Src/oled.c:158:6:SSD1306_DrawBitmap	32	static
../Core/Src/oled.c:182:9:SSD1306_Init	8	static
../Core/Src/oled.c:292:6:SSD1306_UpdateScreen_Blocking	144	static
../Core/Src/oled.c:320:6:SSD1306_UpdateScreen	16	static
../Core/Src/oled.c:383:6:SSD1306_ToggleInvert	16	static
../Core/Src/oled.c:395:6:SSD1306_Fill	16	static
../Core/Src/oled.c:400:6:SSD1306_DrawPixel	16	static
../Core/Src/oled.c:422:6:SSD1306_GotoXY	16	static
../Core/Src/oled.c:428:6:SSD1306_Putc	32	static
../Core/Src/oled.c:459:6:SSD1306_Puts	24	static
../Core/Src/oled.c:477:6:SSD1306_DrawLine	40	static
../Core/Src/oled.c:561:6:SSD1306_DrawRectangle	32	static
../Core/Src/oled.c:586:6:SSD1306_DrawFilledRectangle	40	static
../Core/Src/oled.c:613:6:SSD1306_DrawTriangle	32	static
../Core/Src/oled.c:621:6:SSD1306_DrawFilledTriangle	64	static
../Core/Src/oled.c:677:6:SSD1306_DrawCircle	40	static
../Core/Src/oled.c:711:6:SSD1306_DrawFilledCircle	48	static
../Core/Src/oled.c:744:6:SSD1306_Clear	8	static
../Core/Src/oled.c:749:6:SSD1306_ON	8	static
../Core/Src/oled.c:754:6:SSD1306_OFF	8	static
../Core/Src/oled.c:770:6:SSD1306_I2C_Init	16	static
../Core/Src/oled.c:779:6:SSD1306_I2C_Write	16	static
../Core/Src/oled.c:785:6:SSD1306_I2C_WriteMulti	24	static
../Core/Src/oled.c:790:6:SSD1306_I2C_WriteCommand	16	static
