../Core/Src/oled.c:70:6:SSD1306_Task	8	static
../Core/Src/oled.c:77:6:SSD1306_ScrollRight	16	static
../Core/Src/oled.c:90:6:SSD1306_ScrollLeft	16	static
../Core/Src/oled.c:103:6:SSD1306_Scrolldiagright	16	static
../Core/Src/oled.c:119:6:SSD1306_Scrolldiagleft	16	static
../Core/Src/oled.c:135:6:SSD1306_Stopscroll	8	static
../Core/Src/oled.c:142:6:SSD1306_InvertDisplay	16	static
../Core/Src/oled.c:151:6:SSD1306_DrawBitmap	32	static
../Core/Src/oled.c:175:9:SSD1306_Init	16	static,ignoring_inline_asm
../Core/Src/oled.c:236:6:SSD1306_UpdateScreen_Blocking	152	static
../Core/Src/oled.c:273:6:SSD1306_UpdateScreen	16	static
../Core/Src/oled.c:325:6:SSD1306_ToggleInvert	16	static
../Core/Src/oled.c:337:6:SSD1306_Fill	16	static
../Core/Src/oled.c:342:6:SSD1306_DrawPixel	16	static
../Core/Src/oled.c:364:6:SSD1306_GotoXY	16	static
../Core/Src/oled.c:370:6:SSD1306_Putc	32	static
../Core/Src/oled.c:401:6:SSD1306_Puts	24	static
../Core/Src/oled.c:419:6:SSD1306_DrawLine	40	static
../Core/Src/oled.c:503:6:SSD1306_DrawRectangle	32	static
../Core/Src/oled.c:528:6:SSD1306_DrawFilledRectangle	40	static
../Core/Src/oled.c:555:6:SSD1306_DrawTriangle	32	static
../Core/Src/oled.c:563:6:SSD1306_DrawFilledTriangle	64	static
../Core/Src/oled.c:619:6:SSD1306_DrawCircle	40	static
../Core/Src/oled.c:653:6:SSD1306_DrawFilledCircle	48	static
../Core/Src/oled.c:686:6:SSD1306_Clear	8	static
../Core/Src/oled.c:691:6:SSD1306_ON	8	static
../Core/Src/oled.c:696:6:SSD1306_OFF	8	static
../Core/Src/oled.c:712:6:SSD1306_I2C_Init	16	static
../Core/Src/oled.c:721:6:SSD1306_I2C_Write	32	static
../Core/Src/oled.c:728:6:SSD1306_I2C_WriteMulti	32	static,ignoring_inline_asm
