../Core/Src/oled.c:74:6:SSD1306_Task	8	static
../Core/Src/oled.c:81:6:SSD1306_ScrollRight	16	static
../Core/Src/oled.c:94:6:SSD1306_ScrollLeft	16	static
../Core/Src/oled.c:107:6:SSD1306_Scrolldiagright	16	static
../Core/Src/oled.c:123:6:SSD1306_Scrolldiagleft	16	static
../Core/Src/oled.c:139:6:SSD1306_Stopscroll	8	static
../Core/Src/oled.c:146:6:SSD1306_InvertDisplay	16	static
../Core/Src/oled.c:155:6:SSD1306_DrawBitmap	32	static
../Core/Src/oled.c:183:13:USB_Debug	152	static
../Core/Src/oled.c:205:9:SSD1306_Init	16	static,ignoring_inline_asm
../Core/Src/oled.c:266:6:SSD1306_UpdateScreen_Blocking	152	static
../Core/Src/oled.c:303:6:SSD1306_UpdateScreen	16	static
../Core/Src/oled.c:353:6:SSD1306_ToggleInvert	16	static
../Core/Src/oled.c:365:6:SSD1306_Fill	16	static
../Core/Src/oled.c:370:6:SSD1306_DrawPixel	16	static
../Core/Src/oled.c:392:6:SSD1306_GotoXY	16	static
../Core/Src/oled.c:398:6:SSD1306_Putc	32	static
../Core/Src/oled.c:429:6:SSD1306_Puts	24	static
../Core/Src/oled.c:447:6:SSD1306_DrawLine	40	static
../Core/Src/oled.c:531:6:SSD1306_DrawRectangle	32	static
../Core/Src/oled.c:556:6:SSD1306_DrawFilledRectangle	40	static
../Core/Src/oled.c:583:6:SSD1306_DrawTriangle	32	static
../Core/Src/oled.c:591:6:SSD1306_DrawFilledTriangle	64	static
../Core/Src/oled.c:647:6:SSD1306_DrawCircle	40	static
../Core/Src/oled.c:681:6:SSD1306_DrawFilledCircle	48	static
../Core/Src/oled.c:714:6:SSD1306_Clear	8	static
../Core/Src/oled.c:719:6:SSD1306_ON	8	static
../Core/Src/oled.c:724:6:SSD1306_OFF	8	static
../Core/Src/oled.c:740:6:SSD1306_I2C_Init	16	static
../Core/Src/oled.c:754:6:SSD1306_I2C_Write	32	static
../Core/Src/oled.c:761:6:SSD1306_I2C_WriteMulti	24	static,ignoring_inline_asm
