../Core/Src/stm32f1xx_it.c:78:6:NMI_Handler	4	static
../Core/Src/stm32f1xx_it.c:93:6:HardFault_Handler	4	static
../Core/Src/stm32f1xx_it.c:108:6:MemManage_Handler	4	static
../Core/Src/stm32f1xx_it.c:123:6:BusFault_Handler	4	static
../Core/Src/stm32f1xx_it.c:138:6:UsageFault_Handler	4	static
../Core/Src/stm32f1xx_it.c:153:6:SVC_Handler	4	static
../Core/Src/stm32f1xx_it.c:166:6:DebugMon_Handler	4	static
../Core/Src/stm32f1xx_it.c:179:6:PendSV_Handler	4	static
../Core/Src/stm32f1xx_it.c:192:6:SysTick_Handler	8	static
../Core/Src/stm32f1xx_it.c:213:6:DMA1_Channel1_IRQHandler	8	static
../Core/Src/stm32f1xx_it.c:227:6:DMA1_Channel6_IRQHandler	8	static
../Core/Src/stm32f1xx_it.c:241:6:USB_LP_CAN1_RX0_IRQHandler	8	static
../Core/Src/stm32f1xx_it.c:255:6:I2C1_EV_IRQHandler	8	static
../Core/Src/stm32f1xx_it.c:267:6:HAL_I2C_MemTxCpltCallback	16	static
../Core/Src/stm32f1xx_it.c:285:6:HAL_ADC_ConvCpltCallback	16	static
